1768373527.130734 client started (12125): version 3.5a, socket /tmp/tmux-1000/default, protocol 8
1768373527.130745 on Linux 6.18.4-200.fc43.x86_64 #1 SMP PREEMPT_DYNAMIC Thu Jan  8 17:35:49 UTC 2026
1768373527.130751 using libevent 2.1.12-stable poll
1768373527.130754 using ncurses 6.5 20250614
1768373527.130765 flags are 0x18010000
1768373527.130774 socket is /tmp/tmux-1000/default
1768373527.130784 trying connect
1768373527.130820 add peer 0x5642e69c3860: 6 ((nil))
1768373527.131011 sending message 111 to peer 0x5642e69c3860 (8 bytes)
1768373527.131015 sending message 111 to peer 0x5642e69c3860 (8 bytes)
1768373527.131018 sending message 101 to peer 0x5642e69c3860 (15 bytes)
1768373527.131021 sending message 109 to peer 0x5642e69c3860 (4 bytes)
1768373527.131024 sending message 102 to peer 0x5642e69c3860 (11 bytes)
1768373527.131027 sending message 108 to peer 0x5642e69c3860 (29 bytes)
1768373527.131030 sending message 112 to peer 0x5642e69c3860 (58 bytes)
1768373527.131033 sending message 112 to peer 0x5642e69c3860 (5 bytes)
1768373527.131036 sending message 112 to peer 0x5642e69c3860 (5 bytes)
1768373527.131038 sending message 112 to peer 0x5642e69c3860 (6 bytes)
1768373527.131041 sending message 112 to peer 0x5642e69c3860 (6 bytes)
1768373527.131044 sending message 112 to peer 0x5642e69c3860 (11 bytes)
1768373527.131047 sending message 112 to peer 0x5642e69c3860 (10 bytes)
1768373527.131050 sending message 112 to peer 0x5642e69c3860 (13 bytes)
1768373527.131052 sending message 112 to peer 0x5642e69c3860 (14 bytes)
1768373527.131055 sending message 112 to peer 0x5642e69c3860 (19 bytes)
1768373527.131058 sending message 112 to peer 0x5642e69c3860 (11 bytes)
1768373527.131061 sending message 112 to peer 0x5642e69c3860 (10 bytes)
1768373527.131064 sending message 112 to peer 0x5642e69c3860 (15 bytes)
1768373527.131067 sending message 112 to peer 0x5642e69c3860 (21 bytes)
1768373527.131069 sending message 112 to peer 0x5642e69c3860 (13 bytes)
1768373527.131072 sending message 112 to peer 0x5642e69c3860 (7 bytes)
1768373527.131075 sending message 112 to peer 0x5642e69c3860 (13 bytes)
1768373527.131078 sending message 112 to peer 0x5642e69c3860 (7 bytes)
1768373527.131081 sending message 112 to peer 0x5642e69c3860 (13 bytes)
1768373527.131083 sending message 112 to peer 0x5642e69c3860 (9 bytes)
1768373527.131086 sending message 112 to peer 0x5642e69c3860 (21 bytes)
1768373527.131089 sending message 112 to peer 0x5642e69c3860 (13 bytes)
1768373527.131092 sending message 112 to peer 0x5642e69c3860 (9 bytes)
1768373527.131095 sending message 112 to peer 0x5642e69c3860 (16 bytes)
1768373527.131097 sending message 112 to peer 0x5642e69c3860 (13 bytes)
1768373527.131100 sending message 112 to peer 0x5642e69c3860 (9 bytes)
1768373527.131103 sending message 112 to peer 0x5642e69c3860 (9 bytes)
1768373527.131106 sending message 112 to peer 0x5642e69c3860 (12 bytes)
1768373527.131109 sending message 112 to peer 0x5642e69c3860 (8 bytes)
1768373527.131111 sending message 112 to peer 0x5642e69c3860 (8 bytes)
1768373527.131114 sending message 112 to peer 0x5642e69c3860 (13 bytes)
1768373527.131117 sending message 112 to peer 0x5642e69c3860 (7 bytes)
1768373527.131120 sending message 112 to peer 0x5642e69c3860 (7 bytes)
1768373527.131122 sending message 112 to peer 0x5642e69c3860 (9 bytes)
1768373527.131125 sending message 112 to peer 0x5642e69c3860 (9 bytes)
1768373527.131128 sending message 112 to peer 0x5642e69c3860 (15 bytes)
1768373527.131131 sending message 112 to peer 0x5642e69c3860 (13 bytes)
1768373527.131134 sending message 112 to peer 0x5642e69c3860 (12 bytes)
1768373527.131136 sending message 112 to peer 0x5642e69c3860 (8 bytes)
1768373527.131139 sending message 112 to peer 0x5642e69c3860 (14 bytes)
1768373527.131142 sending message 112 to peer 0x5642e69c3860 (11 bytes)
1768373527.131145 sending message 112 to peer 0x5642e69c3860 (9 bytes)
1768373527.131148 sending message 112 to peer 0x5642e69c3860 (10 bytes)
1768373527.131151 sending message 112 to peer 0x5642e69c3860 (10 bytes)
1768373527.131153 sending message 112 to peer 0x5642e69c3860 (10 bytes)
1768373527.131161 sending message 112 to peer 0x5642e69c3860 (10 bytes)
1768373527.131165 sending message 112 to peer 0x5642e69c3860 (11 bytes)
1768373527.131168 sending message 112 to peer 0x5642e69c3860 (12 bytes)
1768373527.131171 sending message 112 to peer 0x5642e69c3860 (12 bytes)
1768373527.131174 sending message 112 to peer 0x5642e69c3860 (12 bytes)
1768373527.131177 sending message 112 to peer 0x5642e69c3860 (12 bytes)
1768373527.131180 sending message 112 to peer 0x5642e69c3860 (12 bytes)
1768373527.131182 sending message 112 to peer 0x5642e69c3860 (11 bytes)
1768373527.131185 sending message 112 to peer 0x5642e69c3860 (11 bytes)
1768373527.131188 sending message 112 to peer 0x5642e69c3860 (12 bytes)
1768373527.131191 sending message 112 to peer 0x5642e69c3860 (12 bytes)
1768373527.131194 sending message 112 to peer 0x5642e69c3860 (12 bytes)
1768373527.131197 sending message 112 to peer 0x5642e69c3860 (12 bytes)
1768373527.131199 sending message 112 to peer 0x5642e69c3860 (12 bytes)
1768373527.131202 sending message 112 to peer 0x5642e69c3860 (9 bytes)
1768373527.131205 sending message 112 to peer 0x5642e69c3860 (12 bytes)
1768373527.131208 sending message 112 to peer 0x5642e69c3860 (13 bytes)
1768373527.131211 sending message 112 to peer 0x5642e69c3860 (13 bytes)
1768373527.131213 sending message 112 to peer 0x5642e69c3860 (13 bytes)
1768373527.131216 sending message 112 to peer 0x5642e69c3860 (13 bytes)
1768373527.131219 sending message 112 to peer 0x5642e69c3860 (13 bytes)
1768373527.131222 sending message 112 to peer 0x5642e69c3860 (8 bytes)
1768373527.131225 sending message 112 to peer 0x5642e69c3860 (11 bytes)
1768373527.131228 sending message 112 to peer 0x5642e69c3860 (11 bytes)
1768373527.131231 sending message 112 to peer 0x5642e69c3860 (11 bytes)
1768373527.131233 sending message 112 to peer 0x5642e69c3860 (12 bytes)
1768373527.131236 sending message 112 to peer 0x5642e69c3860 (12 bytes)
1768373527.131239 sending message 112 to peer 0x5642e69c3860 (12 bytes)
1768373527.131242 sending message 112 to peer 0x5642e69c3860 (12 bytes)
1768373527.131245 sending message 112 to peer 0x5642e69c3860 (13 bytes)
1768373527.131247 sending message 112 to peer 0x5642e69c3860 (13 bytes)
1768373527.131250 sending message 112 to peer 0x5642e69c3860 (13 bytes)
1768373527.131253 sending message 112 to peer 0x5642e69c3860 (8 bytes)
1768373527.131256 sending message 112 to peer 0x5642e69c3860 (13 bytes)
1768373527.131259 sending message 112 to peer 0x5642e69c3860 (13 bytes)
1768373527.131262 sending message 112 to peer 0x5642e69c3860 (13 bytes)
1768373527.131265 sending message 112 to peer 0x5642e69c3860 (13 bytes)
1768373527.131267 sending message 112 to peer 0x5642e69c3860 (13 bytes)
1768373527.131270 sending message 112 to peer 0x5642e69c3860 (12 bytes)
1768373527.131273 sending message 112 to peer 0x5642e69c3860 (12 bytes)
1768373527.131276 sending message 112 to peer 0x5642e69c3860 (12 bytes)
1768373527.131279 sending message 112 to peer 0x5642e69c3860 (12 bytes)
1768373527.131281 sending message 112 to peer 0x5642e69c3860 (13 bytes)
1768373527.131284 sending message 112 to peer 0x5642e69c3860 (8 bytes)
1768373527.131287 sending message 112 to peer 0x5642e69c3860 (13 bytes)
1768373527.131290 sending message 112 to peer 0x5642e69c3860 (13 bytes)
1768373527.131293 sending message 112 to peer 0x5642e69c3860 (13 bytes)
1768373527.131296 sending message 112 to peer 0x5642e69c3860 (13 bytes)
1768373527.131298 sending message 112 to peer 0x5642e69c3860 (13 bytes)
1768373527.131301 sending message 112 to peer 0x5642e69c3860 (13 bytes)
1768373527.131304 sending message 112 to peer 0x5642e69c3860 (13 bytes)
1768373527.131307 sending message 112 to peer 0x5642e69c3860 (12 bytes)
1768373527.131310 sending message 112 to peer 0x5642e69c3860 (12 bytes)
1768373527.131312 sending message 112 to peer 0x5642e69c3860 (12 bytes)
1768373527.131315 sending message 112 to peer 0x5642e69c3860 (8 bytes)
1768373527.131318 sending message 112 to peer 0x5642e69c3860 (12 bytes)
1768373527.131321 sending message 112 to peer 0x5642e69c3860 (13 bytes)
1768373527.131326 sending message 112 to peer 0x5642e69c3860 (13 bytes)
1768373527.131330 sending message 112 to peer 0x5642e69c3860 (13 bytes)
1768373527.131333 sending message 112 to peer 0x5642e69c3860 (13 bytes)
1768373527.131336 sending message 112 to peer 0x5642e69c3860 (13 bytes)
1768373527.131339 sending message 112 to peer 0x5642e69c3860 (13 bytes)
1768373527.131342 sending message 112 to peer 0x5642e69c3860 (13 bytes)
1768373527.131345 sending message 112 to peer 0x5642e69c3860 (13 bytes)
1768373527.131348 sending message 112 to peer 0x5642e69c3860 (12 bytes)
1768373527.131350 sending message 112 to peer 0x5642e69c3860 (10 bytes)
1768373527.131353 sending message 112 to peer 0x5642e69c3860 (12 bytes)
1768373527.131356 sending message 112 to peer 0x5642e69c3860 (12 bytes)
1768373527.131359 sending message 112 to peer 0x5642e69c3860 (12 bytes)
1768373527.131362 sending message 112 to peer 0x5642e69c3860 (13 bytes)
1768373527.131365 sending message 112 to peer 0x5642e69c3860 (13 bytes)
1768373527.131367 sending message 112 to peer 0x5642e69c3860 (13 bytes)
1768373527.131370 sending message 112 to peer 0x5642e69c3860 (13 bytes)
1768373527.131373 sending message 112 to peer 0x5642e69c3860 (13 bytes)
1768373527.131376 sending message 112 to peer 0x5642e69c3860 (13 bytes)
1768373527.131379 sending message 112 to peer 0x5642e69c3860 (13 bytes)
1768373527.131382 sending message 112 to peer 0x5642e69c3860 (10 bytes)
1768373527.131385 sending message 112 to peer 0x5642e69c3860 (13 bytes)
1768373527.131387 sending message 112 to peer 0x5642e69c3860 (12 bytes)
1768373527.131390 sending message 112 to peer 0x5642e69c3860 (12 bytes)
1768373527.131393 sending message 112 to peer 0x5642e69c3860 (12 bytes)
1768373527.131396 sending message 112 to peer 0x5642e69c3860 (10 bytes)
1768373527.131399 sending message 112 to peer 0x5642e69c3860 (10 bytes)
1768373527.131402 sending message 112 to peer 0x5642e69c3860 (10 bytes)
1768373527.131405 sending message 112 to peer 0x5642e69c3860 (12 bytes)
1768373527.131407 sending message 112 to peer 0x5642e69c3860 (13 bytes)
1768373527.131410 sending message 112 to peer 0x5642e69c3860 (13 bytes)
1768373527.131413 sending message 112 to peer 0x5642e69c3860 (13 bytes)
1768373527.131416 sending message 112 to peer 0x5642e69c3860 (13 bytes)
1768373527.131419 sending message 112 to peer 0x5642e69c3860 (13 bytes)
1768373527.131422 sending message 112 to peer 0x5642e69c3860 (10 bytes)
1768373527.131425 sending message 112 to peer 0x5642e69c3860 (11 bytes)
1768373527.131428 sending message 112 to peer 0x5642e69c3860 (12 bytes)
1768373527.131431 sending message 112 to peer 0x5642e69c3860 (12 bytes)
1768373527.131439 sending message 112 to peer 0x5642e69c3860 (12 bytes)
1768373527.131442 sending message 112 to peer 0x5642e69c3860 (12 bytes)
1768373527.131445 sending message 112 to peer 0x5642e69c3860 (12 bytes)
1768373527.131448 sending message 112 to peer 0x5642e69c3860 (11 bytes)
1768373527.131451 sending message 112 to peer 0x5642e69c3860 (12 bytes)
1768373527.131454 sending message 112 to peer 0x5642e69c3860 (12 bytes)
1768373527.131457 sending message 112 to peer 0x5642e69c3860 (13 bytes)
1768373527.131459 sending message 112 to peer 0x5642e69c3860 (13 bytes)
1768373527.131462 sending message 112 to peer 0x5642e69c3860 (13 bytes)
1768373527.131465 sending message 112 to peer 0x5642e69c3860 (13 bytes)
1768373527.131468 sending message 112 to peer 0x5642e69c3860 (13 bytes)
1768373527.131471 sending message 112 to peer 0x5642e69c3860 (10 bytes)
1768373527.131474 sending message 112 to peer 0x5642e69c3860 (9 bytes)
1768373527.131476 sending message 112 to peer 0x5642e69c3860 (12 bytes)
1768373527.131479 sending message 112 to peer 0x5642e69c3860 (13 bytes)
1768373527.131482 sending message 112 to peer 0x5642e69c3860 (13 bytes)
1768373527.131485 sending message 112 to peer 0x5642e69c3860 (13 bytes)
1768373527.131488 sending message 112 to peer 0x5642e69c3860 (13 bytes)
1768373527.131491 sending message 112 to peer 0x5642e69c3860 (13 bytes)
1768373527.131493 sending message 112 to peer 0x5642e69c3860 (9 bytes)
1768373527.131499 sending message 112 to peer 0x5642e69c3860 (12 bytes)
1768373527.131503 sending message 112 to peer 0x5642e69c3860 (13 bytes)
1768373527.131506 sending message 112 to peer 0x5642e69c3860 (13 bytes)
1768373527.131508 sending message 112 to peer 0x5642e69c3860 (13 bytes)
1768373527.131511 sending message 112 to peer 0x5642e69c3860 (13 bytes)
1768373527.131514 sending message 112 to peer 0x5642e69c3860 (13 bytes)
1768373527.131517 sending message 112 to peer 0x5642e69c3860 (11 bytes)
1768373527.131520 sending message 112 to peer 0x5642e69c3860 (12 bytes)
1768373527.131523 sending message 112 to peer 0x5642e69c3860 (13 bytes)
1768373527.131525 sending message 112 to peer 0x5642e69c3860 (13 bytes)
1768373527.131528 sending message 112 to peer 0x5642e69c3860 (13 bytes)
1768373527.131531 sending message 112 to peer 0x5642e69c3860 (13 bytes)
1768373527.131534 sending message 112 to peer 0x5642e69c3860 (13 bytes)
1768373527.131537 sending message 112 to peer 0x5642e69c3860 (11 bytes)
1768373527.131540 sending message 112 to peer 0x5642e69c3860 (12 bytes)
1768373527.131542 sending message 112 to peer 0x5642e69c3860 (12 bytes)
1768373527.131545 sending message 112 to peer 0x5642e69c3860 (12 bytes)
1768373527.131548 sending message 112 to peer 0x5642e69c3860 (12 bytes)
1768373527.131551 sending message 112 to peer 0x5642e69c3860 (12 bytes)
1768373527.131554 sending message 112 to peer 0x5642e69c3860 (21 bytes)
1768373527.131557 sending message 112 to peer 0x5642e69c3860 (12 bytes)
1768373527.131560 sending message 112 to peer 0x5642e69c3860 (9 bytes)
1768373527.131563 sending message 112 to peer 0x5642e69c3860 (6 bytes)
1768373527.131565 sending message 112 to peer 0x5642e69c3860 (13 bytes)
1768373527.131568 sending message 112 to peer 0x5642e69c3860 (10 bytes)
1768373527.131571 sending message 112 to peer 0x5642e69c3860 (24 bytes)
1768373527.131574 sending message 112 to peer 0x5642e69c3860 (13 bytes)
1768373527.131577 sending message 112 to peer 0x5642e69c3860 (9 bytes)
1768373527.131580 sending message 112 to peer 0x5642e69c3860 (70 bytes)
1768373527.131583 sending message 112 to peer 0x5642e69c3860 (69 bytes)
1768373527.131586 sending message 112 to peer 0x5642e69c3860 (12 bytes)
1768373527.131589 sending message 112 to peer 0x5642e69c3860 (10 bytes)
1768373527.131592 sending message 112 to peer 0x5642e69c3860 (10 bytes)
1768373527.131595 sending message 112 to peer 0x5642e69c3860 (24 bytes)
1768373527.131597 sending message 112 to peer 0x5642e69c3860 (13 bytes)
1768373527.131600 sending message 112 to peer 0x5642e69c3860 (10 bytes)
1768373527.131603 sending message 112 to peer 0x5642e69c3860 (10 bytes)
1768373527.131606 sending message 112 to peer 0x5642e69c3860 (10 bytes)
1768373527.131609 sending message 112 to peer 0x5642e69c3860 (13 bytes)
1768373527.131612 sending message 112 to peer 0x5642e69c3860 (15 bytes)
1768373527.131615 sending message 112 to peer 0x5642e69c3860 (5 bytes)
1768373527.131618 sending message 104 to peer 0x5642e69c3860 (0 bytes)
1768373527.131622 sending message 110 to peer 0x5642e69c3860 (0 bytes)
1768373527.131625 sending message 107 to peer 0x5642e69c3860 (4 bytes)
1768373527.131628 sending message 105 to peer 0x5642e69c3860 (20 bytes)
1768373527.131631 sending message 105 to peer 0x5642e69c3860 (54 bytes)
1768373527.131634 sending message 105 to peer 0x5642e69c3860 (40 bytes)
1768373527.131637 sending message 105 to peer 0x5642e69c3860 (80 bytes)
1768373527.131639 sending message 105 to peer 0x5642e69c3860 (22 bytes)
1768373527.131642 sending message 105 to peer 0x5642e69c3860 (11 bytes)
1768373527.131645 sending message 105 to peer 0x5642e69c3860 (21 bytes)
1768373527.131648 sending message 105 to peer 0x5642e69c3860 (23 bytes)
1768373527.131651 sending message 105 to peer 0x5642e69c3860 (17 bytes)
1768373527.131654 sending message 105 to peer 0x5642e69c3860 (21 bytes)
1768373527.131657 sending message 105 to peer 0x5642e69c3860 (23 bytes)
1768373527.131660 sending message 105 to peer 0x5642e69c3860 (19 bytes)
1768373527.131663 sending message 105 to peer 0x5642e69c3860 (23 bytes)
1768373527.131668 sending message 105 to peer 0x5642e69c3860 (15 bytes)
1768373527.131672 sending message 105 to peer 0x5642e69c3860 (21 bytes)
1768373527.131675 sending message 105 to peer 0x5642e69c3860 (16 bytes)
1768373527.131678 sending message 105 to peer 0x5642e69c3860 (47 bytes)
1768373527.131681 sending message 105 to peer 0x5642e69c3860 (24 bytes)
1768373527.131684 sending message 105 to peer 0x5642e69c3860 (17 bytes)
1768373527.131687 sending message 105 to peer 0x5642e69c3860 (35 bytes)
1768373527.131690 sending message 105 to peer 0x5642e69c3860 (14 bytes)
1768373527.131693 sending message 105 to peer 0x5642e69c3860 (27 bytes)
1768373527.131696 sending message 105 to peer 0x5642e69c3860 (16 bytes)
1768373527.131699 sending message 105 to peer 0x5642e69c3860 (20 bytes)
1768373527.131702 sending message 105 to peer 0x5642e69c3860 (145 bytes)
1768373527.131705 sending message 105 to peer 0x5642e69c3860 (51 bytes)
1768373527.131708 sending message 105 to peer 0x5642e69c3860 (36 bytes)
1768373527.131711 sending message 105 to peer 0x5642e69c3860 (45 bytes)
1768373527.131713 sending message 105 to peer 0x5642e69c3860 (48 bytes)
1768373527.131716 sending message 105 to peer 0x5642e69c3860 (20 bytes)
1768373527.131719 sending message 105 to peer 0x5642e69c3860 (33 bytes)
1768373527.131722 sending message 105 to peer 0x5642e69c3860 (18 bytes)
1768373527.131725 sending message 105 to peer 0x5642e69c3860 (27 bytes)
1768373527.131728 sending message 105 to peer 0x5642e69c3860 (19 bytes)
1768373527.131731 sending message 105 to peer 0x5642e69c3860 (8 bytes)
1768373527.131734 sending message 105 to peer 0x5642e69c3860 (37 bytes)
1768373527.131737 sending message 105 to peer 0x5642e69c3860 (23 bytes)
1768373527.131740 sending message 105 to peer 0x5642e69c3860 (20 bytes)
1768373527.131743 sending message 105 to peer 0x5642e69c3860 (11 bytes)
1768373527.131746 sending message 105 to peer 0x5642e69c3860 (15 bytes)
1768373527.131748 sending message 105 to peer 0x5642e69c3860 (17 bytes)
1768373527.131751 sending message 105 to peer 0x5642e69c3860 (26 bytes)
1768373527.131754 sending message 105 to peer 0x5642e69c3860 (54 bytes)
1768373527.131757 sending message 105 to peer 0x5642e69c3860 (26 bytes)
1768373527.131760 sending message 105 to peer 0x5642e69c3860 (126 bytes)
1768373527.131763 sending message 105 to peer 0x5642e69c3860 (23 bytes)
1768373527.131766 sending message 105 to peer 0x5642e69c3860 (31 bytes)
1768373527.131769 sending message 105 to peer 0x5642e69c3860 (23 bytes)
1768373527.131772 sending message 105 to peer 0x5642e69c3860 (26 bytes)
1768373527.131775 sending message 105 to peer 0x5642e69c3860 (25 bytes)
1768373527.131778 sending message 105 to peer 0x5642e69c3860 (20 bytes)
1768373527.131780 sending message 105 to peer 0x5642e69c3860 (16 bytes)
1768373527.131783 sending message 105 to peer 0x5642e69c3860 (1923 bytes)
1768373527.131791 sending message 105 to peer 0x5642e69c3860 (31 bytes)
1768373527.131794 sending message 105 to peer 0x5642e69c3860 (11 bytes)
1768373527.131797 sending message 105 to peer 0x5642e69c3860 (8 bytes)
1768373527.131800 sending message 105 to peer 0x5642e69c3860 (32 bytes)
1768373527.131803 sending message 105 to peer 0x5642e69c3860 (72 bytes)
1768373527.131806 sending message 106 to peer 0x5642e69c3860 (0 bytes)
1768373527.131829 sending message 200 to peer 0x5642e69c3860 (4 bytes)
1768373527.131832 client loop enter
1768373527.135350 peer 0x5642e69c3860 message 207
1768373527.135358 sending message 208 to peer 0x5642e69c3860 (0 bytes)
1768373531.370801 peer 0x5642e69c3860 message 203
1768373531.370810 sending message 205 to peer 0x5642e69c3860 (0 bytes)
1768373531.371069 peer 0x5642e69c3860 message 204
1768373531.371075 client loop exit
