1768373555.355299 client started (12319): version 3.5a, socket /tmp/tmux-1000/default, protocol 8
1768373555.355316 on Linux 6.18.4-200.fc43.x86_64 #1 SMP PREEMPT_DYNAMIC Thu Jan  8 17:35:49 UTC 2026
1768373555.355323 using libevent 2.1.12-stable poll
1768373555.355326 using ncurses 6.5 20250614
1768373555.355339 flags are 0x18010000
1768373555.355345 socket is /tmp/tmux-1000/default
1768373555.355360 trying connect
1768373555.355406 add peer 0x55acb9505860: 6 ((nil))
1768373555.355585 sending message 111 to peer 0x55acb9505860 (8 bytes)
1768373555.355590 sending message 111 to peer 0x55acb9505860 (8 bytes)
1768373555.355593 sending message 101 to peer 0x55acb9505860 (15 bytes)
1768373555.355596 sending message 109 to peer 0x55acb9505860 (4 bytes)
1768373555.355599 sending message 102 to peer 0x55acb9505860 (11 bytes)
1768373555.355602 sending message 108 to peer 0x55acb9505860 (29 bytes)
1768373555.355604 sending message 112 to peer 0x55acb9505860 (58 bytes)
1768373555.355607 sending message 112 to peer 0x55acb9505860 (5 bytes)
1768373555.355610 sending message 112 to peer 0x55acb9505860 (5 bytes)
1768373555.355613 sending message 112 to peer 0x55acb9505860 (6 bytes)
1768373555.355616 sending message 112 to peer 0x55acb9505860 (6 bytes)
1768373555.355619 sending message 112 to peer 0x55acb9505860 (11 bytes)
1768373555.355621 sending message 112 to peer 0x55acb9505860 (10 bytes)
1768373555.355624 sending message 112 to peer 0x55acb9505860 (13 bytes)
1768373555.355627 sending message 112 to peer 0x55acb9505860 (14 bytes)
1768373555.355630 sending message 112 to peer 0x55acb9505860 (19 bytes)
1768373555.355633 sending message 112 to peer 0x55acb9505860 (11 bytes)
1768373555.355636 sending message 112 to peer 0x55acb9505860 (10 bytes)
1768373555.355638 sending message 112 to peer 0x55acb9505860 (15 bytes)
1768373555.355641 sending message 112 to peer 0x55acb9505860 (21 bytes)
1768373555.355644 sending message 112 to peer 0x55acb9505860 (13 bytes)
1768373555.355647 sending message 112 to peer 0x55acb9505860 (7 bytes)
1768373555.355650 sending message 112 to peer 0x55acb9505860 (13 bytes)
1768373555.355652 sending message 112 to peer 0x55acb9505860 (7 bytes)
1768373555.355655 sending message 112 to peer 0x55acb9505860 (13 bytes)
1768373555.355658 sending message 112 to peer 0x55acb9505860 (9 bytes)
1768373555.355661 sending message 112 to peer 0x55acb9505860 (21 bytes)
1768373555.355664 sending message 112 to peer 0x55acb9505860 (13 bytes)
1768373555.355666 sending message 112 to peer 0x55acb9505860 (9 bytes)
1768373555.355669 sending message 112 to peer 0x55acb9505860 (16 bytes)
1768373555.355672 sending message 112 to peer 0x55acb9505860 (13 bytes)
1768373555.355675 sending message 112 to peer 0x55acb9505860 (9 bytes)
1768373555.355678 sending message 112 to peer 0x55acb9505860 (9 bytes)
1768373555.355680 sending message 112 to peer 0x55acb9505860 (12 bytes)
1768373555.355683 sending message 112 to peer 0x55acb9505860 (8 bytes)
1768373555.355686 sending message 112 to peer 0x55acb9505860 (8 bytes)
1768373555.355689 sending message 112 to peer 0x55acb9505860 (13 bytes)
1768373555.355692 sending message 112 to peer 0x55acb9505860 (7 bytes)
1768373555.355694 sending message 112 to peer 0x55acb9505860 (7 bytes)
1768373555.355697 sending message 112 to peer 0x55acb9505860 (9 bytes)
1768373555.355700 sending message 112 to peer 0x55acb9505860 (9 bytes)
1768373555.355703 sending message 112 to peer 0x55acb9505860 (15 bytes)
1768373555.355706 sending message 112 to peer 0x55acb9505860 (13 bytes)
1768373555.355708 sending message 112 to peer 0x55acb9505860 (12 bytes)
1768373555.355711 sending message 112 to peer 0x55acb9505860 (8 bytes)
1768373555.355714 sending message 112 to peer 0x55acb9505860 (14 bytes)
1768373555.355717 sending message 112 to peer 0x55acb9505860 (11 bytes)
1768373555.355720 sending message 112 to peer 0x55acb9505860 (9 bytes)
1768373555.355722 sending message 112 to peer 0x55acb9505860 (10 bytes)
1768373555.355725 sending message 112 to peer 0x55acb9505860 (10 bytes)
1768373555.355728 sending message 112 to peer 0x55acb9505860 (10 bytes)
1768373555.355735 sending message 112 to peer 0x55acb9505860 (10 bytes)
1768373555.355740 sending message 112 to peer 0x55acb9505860 (11 bytes)
1768373555.355743 sending message 112 to peer 0x55acb9505860 (12 bytes)
1768373555.355746 sending message 112 to peer 0x55acb9505860 (12 bytes)
1768373555.355748 sending message 112 to peer 0x55acb9505860 (12 bytes)
1768373555.355751 sending message 112 to peer 0x55acb9505860 (12 bytes)
1768373555.355754 sending message 112 to peer 0x55acb9505860 (12 bytes)
1768373555.355757 sending message 112 to peer 0x55acb9505860 (11 bytes)
1768373555.355760 sending message 112 to peer 0x55acb9505860 (11 bytes)
1768373555.355763 sending message 112 to peer 0x55acb9505860 (12 bytes)
1768373555.355766 sending message 112 to peer 0x55acb9505860 (12 bytes)
1768373555.355768 sending message 112 to peer 0x55acb9505860 (12 bytes)
1768373555.355771 sending message 112 to peer 0x55acb9505860 (12 bytes)
1768373555.355774 sending message 112 to peer 0x55acb9505860 (12 bytes)
1768373555.355777 sending message 112 to peer 0x55acb9505860 (9 bytes)
1768373555.355780 sending message 112 to peer 0x55acb9505860 (12 bytes)
1768373555.355783 sending message 112 to peer 0x55acb9505860 (13 bytes)
1768373555.355786 sending message 112 to peer 0x55acb9505860 (13 bytes)
1768373555.355788 sending message 112 to peer 0x55acb9505860 (13 bytes)
1768373555.355791 sending message 112 to peer 0x55acb9505860 (13 bytes)
1768373555.355794 sending message 112 to peer 0x55acb9505860 (13 bytes)
1768373555.355797 sending message 112 to peer 0x55acb9505860 (8 bytes)
1768373555.355800 sending message 112 to peer 0x55acb9505860 (11 bytes)
1768373555.355803 sending message 112 to peer 0x55acb9505860 (11 bytes)
1768373555.355806 sending message 112 to peer 0x55acb9505860 (11 bytes)
1768373555.355808 sending message 112 to peer 0x55acb9505860 (12 bytes)
1768373555.355811 sending message 112 to peer 0x55acb9505860 (12 bytes)
1768373555.355814 sending message 112 to peer 0x55acb9505860 (12 bytes)
1768373555.355817 sending message 112 to peer 0x55acb9505860 (12 bytes)
1768373555.355820 sending message 112 to peer 0x55acb9505860 (13 bytes)
1768373555.355823 sending message 112 to peer 0x55acb9505860 (13 bytes)
1768373555.355826 sending message 112 to peer 0x55acb9505860 (13 bytes)
1768373555.355828 sending message 112 to peer 0x55acb9505860 (8 bytes)
1768373555.355831 sending message 112 to peer 0x55acb9505860 (13 bytes)
1768373555.355834 sending message 112 to peer 0x55acb9505860 (13 bytes)
1768373555.355837 sending message 112 to peer 0x55acb9505860 (13 bytes)
1768373555.355840 sending message 112 to peer 0x55acb9505860 (13 bytes)
1768373555.355843 sending message 112 to peer 0x55acb9505860 (13 bytes)
1768373555.355846 sending message 112 to peer 0x55acb9505860 (12 bytes)
1768373555.355848 sending message 112 to peer 0x55acb9505860 (12 bytes)
1768373555.355851 sending message 112 to peer 0x55acb9505860 (12 bytes)
1768373555.355854 sending message 112 to peer 0x55acb9505860 (12 bytes)
1768373555.355857 sending message 112 to peer 0x55acb9505860 (13 bytes)
1768373555.355860 sending message 112 to peer 0x55acb9505860 (8 bytes)
1768373555.355863 sending message 112 to peer 0x55acb9505860 (13 bytes)
1768373555.355865 sending message 112 to peer 0x55acb9505860 (13 bytes)
1768373555.355868 sending message 112 to peer 0x55acb9505860 (13 bytes)
1768373555.355871 sending message 112 to peer 0x55acb9505860 (13 bytes)
1768373555.355874 sending message 112 to peer 0x55acb9505860 (13 bytes)
1768373555.355877 sending message 112 to peer 0x55acb9505860 (13 bytes)
1768373555.355880 sending message 112 to peer 0x55acb9505860 (13 bytes)
1768373555.355882 sending message 112 to peer 0x55acb9505860 (12 bytes)
1768373555.355885 sending message 112 to peer 0x55acb9505860 (12 bytes)
1768373555.355888 sending message 112 to peer 0x55acb9505860 (12 bytes)
1768373555.355891 sending message 112 to peer 0x55acb9505860 (8 bytes)
1768373555.355894 sending message 112 to peer 0x55acb9505860 (12 bytes)
1768373555.355897 sending message 112 to peer 0x55acb9505860 (13 bytes)
1768373555.355902 sending message 112 to peer 0x55acb9505860 (13 bytes)
1768373555.355906 sending message 112 to peer 0x55acb9505860 (13 bytes)
1768373555.355909 sending message 112 to peer 0x55acb9505860 (13 bytes)
1768373555.355912 sending message 112 to peer 0x55acb9505860 (13 bytes)
1768373555.355915 sending message 112 to peer 0x55acb9505860 (13 bytes)
1768373555.355918 sending message 112 to peer 0x55acb9505860 (13 bytes)
1768373555.355921 sending message 112 to peer 0x55acb9505860 (13 bytes)
1768373555.355924 sending message 112 to peer 0x55acb9505860 (12 bytes)
1768373555.355926 sending message 112 to peer 0x55acb9505860 (10 bytes)
1768373555.355929 sending message 112 to peer 0x55acb9505860 (12 bytes)
1768373555.355932 sending message 112 to peer 0x55acb9505860 (12 bytes)
1768373555.355935 sending message 112 to peer 0x55acb9505860 (12 bytes)
1768373555.355938 sending message 112 to peer 0x55acb9505860 (13 bytes)
1768373555.355941 sending message 112 to peer 0x55acb9505860 (13 bytes)
1768373555.355943 sending message 112 to peer 0x55acb9505860 (13 bytes)
1768373555.355946 sending message 112 to peer 0x55acb9505860 (13 bytes)
1768373555.355949 sending message 112 to peer 0x55acb9505860 (13 bytes)
1768373555.355952 sending message 112 to peer 0x55acb9505860 (13 bytes)
1768373555.355955 sending message 112 to peer 0x55acb9505860 (13 bytes)
1768373555.355958 sending message 112 to peer 0x55acb9505860 (10 bytes)
1768373555.355961 sending message 112 to peer 0x55acb9505860 (13 bytes)
1768373555.355963 sending message 112 to peer 0x55acb9505860 (12 bytes)
1768373555.355966 sending message 112 to peer 0x55acb9505860 (12 bytes)
1768373555.355969 sending message 112 to peer 0x55acb9505860 (12 bytes)
1768373555.355972 sending message 112 to peer 0x55acb9505860 (10 bytes)
1768373555.355975 sending message 112 to peer 0x55acb9505860 (10 bytes)
1768373555.355978 sending message 112 to peer 0x55acb9505860 (10 bytes)
1768373555.355980 sending message 112 to peer 0x55acb9505860 (12 bytes)
1768373555.355983 sending message 112 to peer 0x55acb9505860 (13 bytes)
1768373555.355986 sending message 112 to peer 0x55acb9505860 (13 bytes)
1768373555.355989 sending message 112 to peer 0x55acb9505860 (13 bytes)
1768373555.355992 sending message 112 to peer 0x55acb9505860 (13 bytes)
1768373555.355995 sending message 112 to peer 0x55acb9505860 (13 bytes)
1768373555.355998 sending message 112 to peer 0x55acb9505860 (10 bytes)
1768373555.356000 sending message 112 to peer 0x55acb9505860 (11 bytes)
1768373555.356003 sending message 112 to peer 0x55acb9505860 (12 bytes)
1768373555.356006 sending message 112 to peer 0x55acb9505860 (12 bytes)
1768373555.356009 sending message 112 to peer 0x55acb9505860 (12 bytes)
1768373555.356012 sending message 112 to peer 0x55acb9505860 (12 bytes)
1768373555.356015 sending message 112 to peer 0x55acb9505860 (12 bytes)
1768373555.356017 sending message 112 to peer 0x55acb9505860 (11 bytes)
1768373555.356020 sending message 112 to peer 0x55acb9505860 (12 bytes)
1768373555.356023 sending message 112 to peer 0x55acb9505860 (12 bytes)
1768373555.356026 sending message 112 to peer 0x55acb9505860 (13 bytes)
1768373555.356029 sending message 112 to peer 0x55acb9505860 (13 bytes)
1768373555.356032 sending message 112 to peer 0x55acb9505860 (13 bytes)
1768373555.356034 sending message 112 to peer 0x55acb9505860 (13 bytes)
1768373555.356037 sending message 112 to peer 0x55acb9505860 (13 bytes)
1768373555.356040 sending message 112 to peer 0x55acb9505860 (10 bytes)
1768373555.356043 sending message 112 to peer 0x55acb9505860 (9 bytes)
1768373555.356046 sending message 112 to peer 0x55acb9505860 (12 bytes)
1768373555.356049 sending message 112 to peer 0x55acb9505860 (13 bytes)
1768373555.356052 sending message 112 to peer 0x55acb9505860 (13 bytes)
1768373555.356054 sending message 112 to peer 0x55acb9505860 (13 bytes)
1768373555.356057 sending message 112 to peer 0x55acb9505860 (13 bytes)
1768373555.356060 sending message 112 to peer 0x55acb9505860 (13 bytes)
1768373555.356063 sending message 112 to peer 0x55acb9505860 (9 bytes)
1768373555.356068 sending message 112 to peer 0x55acb9505860 (12 bytes)
1768373555.356072 sending message 112 to peer 0x55acb9505860 (13 bytes)
1768373555.356075 sending message 112 to peer 0x55acb9505860 (13 bytes)
1768373555.356078 sending message 112 to peer 0x55acb9505860 (13 bytes)
1768373555.356081 sending message 112 to peer 0x55acb9505860 (13 bytes)
1768373555.356084 sending message 112 to peer 0x55acb9505860 (13 bytes)
1768373555.356087 sending message 112 to peer 0x55acb9505860 (11 bytes)
1768373555.356089 sending message 112 to peer 0x55acb9505860 (12 bytes)
1768373555.356092 sending message 112 to peer 0x55acb9505860 (13 bytes)
1768373555.356095 sending message 112 to peer 0x55acb9505860 (13 bytes)
1768373555.356098 sending message 112 to peer 0x55acb9505860 (13 bytes)
1768373555.356101 sending message 112 to peer 0x55acb9505860 (13 bytes)
1768373555.356103 sending message 112 to peer 0x55acb9505860 (13 bytes)
1768373555.356106 sending message 112 to peer 0x55acb9505860 (11 bytes)
1768373555.356109 sending message 112 to peer 0x55acb9505860 (12 bytes)
1768373555.356112 sending message 112 to peer 0x55acb9505860 (12 bytes)
1768373555.356115 sending message 112 to peer 0x55acb9505860 (12 bytes)
1768373555.356118 sending message 112 to peer 0x55acb9505860 (12 bytes)
1768373555.356121 sending message 112 to peer 0x55acb9505860 (12 bytes)
1768373555.356123 sending message 112 to peer 0x55acb9505860 (21 bytes)
1768373555.356126 sending message 112 to peer 0x55acb9505860 (12 bytes)
1768373555.356129 sending message 112 to peer 0x55acb9505860 (9 bytes)
1768373555.356132 sending message 112 to peer 0x55acb9505860 (6 bytes)
1768373555.356135 sending message 112 to peer 0x55acb9505860 (13 bytes)
1768373555.356138 sending message 112 to peer 0x55acb9505860 (10 bytes)
1768373555.356141 sending message 112 to peer 0x55acb9505860 (24 bytes)
1768373555.356144 sending message 112 to peer 0x55acb9505860 (13 bytes)
1768373555.356146 sending message 112 to peer 0x55acb9505860 (9 bytes)
1768373555.356149 sending message 112 to peer 0x55acb9505860 (70 bytes)
1768373555.356152 sending message 112 to peer 0x55acb9505860 (69 bytes)
1768373555.356155 sending message 112 to peer 0x55acb9505860 (12 bytes)
1768373555.356158 sending message 112 to peer 0x55acb9505860 (10 bytes)
1768373555.356161 sending message 112 to peer 0x55acb9505860 (10 bytes)
1768373555.356164 sending message 112 to peer 0x55acb9505860 (24 bytes)
1768373555.356167 sending message 112 to peer 0x55acb9505860 (13 bytes)
1768373555.356170 sending message 112 to peer 0x55acb9505860 (10 bytes)
1768373555.356173 sending message 112 to peer 0x55acb9505860 (10 bytes)
1768373555.356176 sending message 112 to peer 0x55acb9505860 (10 bytes)
1768373555.356179 sending message 112 to peer 0x55acb9505860 (13 bytes)
1768373555.356182 sending message 112 to peer 0x55acb9505860 (15 bytes)
1768373555.356184 sending message 112 to peer 0x55acb9505860 (5 bytes)
1768373555.356188 sending message 104 to peer 0x55acb9505860 (0 bytes)
1768373555.356191 sending message 110 to peer 0x55acb9505860 (0 bytes)
1768373555.356194 sending message 107 to peer 0x55acb9505860 (4 bytes)
1768373555.356197 sending message 105 to peer 0x55acb9505860 (20 bytes)
1768373555.356200 sending message 105 to peer 0x55acb9505860 (54 bytes)
1768373555.356203 sending message 105 to peer 0x55acb9505860 (40 bytes)
1768373555.356206 sending message 105 to peer 0x55acb9505860 (80 bytes)
1768373555.356209 sending message 105 to peer 0x55acb9505860 (22 bytes)
1768373555.356212 sending message 105 to peer 0x55acb9505860 (11 bytes)
1768373555.356215 sending message 105 to peer 0x55acb9505860 (21 bytes)
1768373555.356218 sending message 105 to peer 0x55acb9505860 (23 bytes)
1768373555.356221 sending message 105 to peer 0x55acb9505860 (17 bytes)
1768373555.356224 sending message 105 to peer 0x55acb9505860 (21 bytes)
1768373555.356227 sending message 105 to peer 0x55acb9505860 (23 bytes)
1768373555.356230 sending message 105 to peer 0x55acb9505860 (19 bytes)
1768373555.356233 sending message 105 to peer 0x55acb9505860 (23 bytes)
1768373555.356238 sending message 105 to peer 0x55acb9505860 (15 bytes)
1768373555.356242 sending message 105 to peer 0x55acb9505860 (21 bytes)
1768373555.356245 sending message 105 to peer 0x55acb9505860 (16 bytes)
1768373555.356248 sending message 105 to peer 0x55acb9505860 (47 bytes)
1768373555.356251 sending message 105 to peer 0x55acb9505860 (24 bytes)
1768373555.356254 sending message 105 to peer 0x55acb9505860 (17 bytes)
1768373555.356257 sending message 105 to peer 0x55acb9505860 (35 bytes)
1768373555.356260 sending message 105 to peer 0x55acb9505860 (14 bytes)
1768373555.356263 sending message 105 to peer 0x55acb9505860 (27 bytes)
1768373555.356266 sending message 105 to peer 0x55acb9505860 (16 bytes)
1768373555.356269 sending message 105 to peer 0x55acb9505860 (20 bytes)
1768373555.356272 sending message 105 to peer 0x55acb9505860 (145 bytes)
1768373555.356275 sending message 105 to peer 0x55acb9505860 (51 bytes)
1768373555.356278 sending message 105 to peer 0x55acb9505860 (36 bytes)
1768373555.356280 sending message 105 to peer 0x55acb9505860 (45 bytes)
1768373555.356283 sending message 105 to peer 0x55acb9505860 (48 bytes)
1768373555.356286 sending message 105 to peer 0x55acb9505860 (20 bytes)
1768373555.356289 sending message 105 to peer 0x55acb9505860 (33 bytes)
1768373555.356292 sending message 105 to peer 0x55acb9505860 (18 bytes)
1768373555.356295 sending message 105 to peer 0x55acb9505860 (27 bytes)
1768373555.356298 sending message 105 to peer 0x55acb9505860 (19 bytes)
1768373555.356301 sending message 105 to peer 0x55acb9505860 (8 bytes)
1768373555.356304 sending message 105 to peer 0x55acb9505860 (37 bytes)
1768373555.356307 sending message 105 to peer 0x55acb9505860 (23 bytes)
1768373555.356310 sending message 105 to peer 0x55acb9505860 (20 bytes)
1768373555.356313 sending message 105 to peer 0x55acb9505860 (11 bytes)
1768373555.356316 sending message 105 to peer 0x55acb9505860 (15 bytes)
1768373555.356318 sending message 105 to peer 0x55acb9505860 (17 bytes)
1768373555.356321 sending message 105 to peer 0x55acb9505860 (26 bytes)
1768373555.356324 sending message 105 to peer 0x55acb9505860 (54 bytes)
1768373555.356327 sending message 105 to peer 0x55acb9505860 (26 bytes)
1768373555.356330 sending message 105 to peer 0x55acb9505860 (126 bytes)
1768373555.356333 sending message 105 to peer 0x55acb9505860 (23 bytes)
1768373555.356336 sending message 105 to peer 0x55acb9505860 (31 bytes)
1768373555.356339 sending message 105 to peer 0x55acb9505860 (23 bytes)
1768373555.356342 sending message 105 to peer 0x55acb9505860 (26 bytes)
1768373555.356345 sending message 105 to peer 0x55acb9505860 (25 bytes)
1768373555.356348 sending message 105 to peer 0x55acb9505860 (20 bytes)
1768373555.356351 sending message 105 to peer 0x55acb9505860 (16 bytes)
1768373555.356354 sending message 105 to peer 0x55acb9505860 (1923 bytes)
1768373555.356361 sending message 105 to peer 0x55acb9505860 (31 bytes)
1768373555.356364 sending message 105 to peer 0x55acb9505860 (11 bytes)
1768373555.356367 sending message 105 to peer 0x55acb9505860 (8 bytes)
1768373555.356370 sending message 105 to peer 0x55acb9505860 (32 bytes)
1768373555.356373 sending message 105 to peer 0x55acb9505860 (72 bytes)
1768373555.356376 sending message 106 to peer 0x55acb9505860 (0 bytes)
1768373555.356399 sending message 200 to peer 0x55acb9505860 (4 bytes)
1768373555.356402 client loop enter
1768373555.360701 peer 0x55acb9505860 message 207
1768373555.360713 sending message 208 to peer 0x55acb9505860 (0 bytes)
1768373558.161809 peer 0x55acb9505860 message 203
1768373558.161821 sending message 205 to peer 0x55acb9505860 (0 bytes)
1768373558.162005 peer 0x55acb9505860 message 204
1768373558.162010 client loop exit
